
> finflow@0.1.0 build
> next build

▲ Next.js 16.2.3 (Turbopack)
- Environments: .env

  Creating an optimized production build ...
✓ Compiled successfully in 4.9s
  Running TypeScript ...
  Finished TypeScript in 6.2s ...
  Collecting page data using 13 workers ...
  Generating static pages using 13 workers (0/14) ...
  Generating static pages using 13 workers (3/14) 
  Generating static pages using 13 workers (6/14) 
  Generating static pages using 13 workers (10/14) 
✓ Generating static pages using 13 workers (14/14) in 1328ms
  Finalizing page optimization ...

Route (app)
┌ ○ /
├ ○ /_not-found
├ ƒ /budgets
├ ƒ /dashboard
├ ƒ /goals
├ ○ /login
├ ○ /register
├ ƒ /reports
├ ƒ /settings
├ ƒ /subscriptions
├ ƒ /transactions
└ ƒ /wallets


○  (Static)   prerendered as static content
ƒ  (Dynamic)  server-rendered on demand

